// Jest Snapshot v1, https://goo.gl/fbAQLP

exports[`Component CardTrailer snapshoot 1`] = `
{
  "asFragment": [Function],
  "baseElement": <body>
    <div>
      <div
        data-testid="card-trailer-anime"
      >
        <div
          class="video-responsive mb-3"
          data-testid="unhidden-trailer-anime"
        >
          <iframe
            allow="clipboard-write; encrypted-media; gyroscope; picture-in-picture"
            allowfullscreen=""
            data-testid="video-trailer-anime"
            frameborder="0"
            height="480"
            src="https://www.youtube.com/embed/l_98K4_6UQ0?enablejsapi=1&wmode=opaque&autoplay=1"
            title="Embedded youtube"
            width="100%"
          />
        </div>
      </div>
    </div>
  </body>,
  "container": <div>
    <div
      data-testid="card-trailer-anime"
    >
      <div
        class="video-responsive mb-3"
        data-testid="unhidden-trailer-anime"
      >
        <iframe
          allow="clipboard-write; encrypted-media; gyroscope; picture-in-picture"
          allowfullscreen=""
          data-testid="video-trailer-anime"
          frameborder="0"
          height="480"
          src="https://www.youtube.com/embed/l_98K4_6UQ0?enablejsapi=1&wmode=opaque&autoplay=1"
          title="Embedded youtube"
          width="100%"
        />
      </div>
    </div>
  </div>,
  "debug": [Function],
  "findAllByAltText": [Function],
  "findAllByDisplayValue": [Function],
  "findAllByLabelText": [Function],
  "findAllByPlaceholderText": [Function],
  "findAllByRole": [Function],
  "findAllByTestId": [Function],
  "findAllByText": [Function],
  "findAllByTitle": [Function],
  "findByAltText": [Function],
  "findByDisplayValue": [Function],
  "findByLabelText": [Function],
  "findByPlaceholderText": [Function],
  "findByRole": [Function],
  "findByTestId": [Function],
  "findByText": [Function],
  "findByTitle": [Function],
  "getAllByAltText": [Function],
  "getAllByDisplayValue": [Function],
  "getAllByLabelText": [Function],
  "getAllByPlaceholderText": [Function],
  "getAllByRole": [Function],
  "getAllByTestId": [Function],
  "getAllByText": [Function],
  "getAllByTitle": [Function],
  "getByAltText": [Function],
  "getByDisplayValue": [Function],
  "getByLabelText": [Function],
  "getByPlaceholderText": [Function],
  "getByRole": [Function],
  "getByTestId": [Function],
  "getByText": [Function],
  "getByTitle": [Function],
  "queryAllByAltText": [Function],
  "queryAllByDisplayValue": [Function],
  "queryAllByLabelText": [Function],
  "queryAllByPlaceholderText": [Function],
  "queryAllByRole": [Function],
  "queryAllByTestId": [Function],
  "queryAllByText": [Function],
  "queryAllByTitle": [Function],
  "queryByAltText": [Function],
  "queryByDisplayValue": [Function],
  "queryByLabelText": [Function],
  "queryByPlaceholderText": [Function],
  "queryByRole": [Function],
  "queryByTestId": [Function],
  "queryByText": [Function],
  "queryByTitle": [Function],
  "rerender": [Function],
  "unmount": [Function],
}
`;
